◇ injected env (0) from .env // tip: ⌘ override existing { override: true }
🚀 Server đang chạy mượt mà tại cổng http://localhost:5000
🎯 MongoDB được kết nối thành công!
[Cron Job] Kiểm tra lịch tập quá hạn...
[Cron Job] Kiểm tra đơn đăng ký gói tập quá hạn thanh toán...
[Cron Job] Kiểm tra gói tập tạm ngưng hết hạn để tự động kích hoạt lại...
[Startup] Đang xử lý các giao dịch chờ thanh toán quá hạn...
[Cron Job] Kiểm tra lịch tập quá hạn...
[Cron Job] Kiểm tra đơn đăng ký gói tập quá hạn thanh toán...
[Cron Job] Kiểm tra gói tập tạm ngưng hết hạn để tự động kích hoạt lại...
[Cron Job] Kiểm tra đơn đăng ký gói tập quá hạn thanh toán...
[Cron Job] Kiểm tra lịch tập quá hạn...
[Cron Job] Kiểm tra gói tập tạm ngưng hết hạn để tự động kích hoạt lại...
[Cron Job] Kiểm tra lịch tập quá hạn...
[Cron Job] Kiểm tra gói tập tạm ngưng hết hạn để tự động kích hoạt lại...
[Cron Job] Kiểm tra đơn đăng ký gói tập quá hạn thanh toán...
[Cron Job] Kiểm tra gói tập tạm ngưng hết hạn để tự động kích hoạt lại...
[Cron Job] Kiểm tra đơn đăng ký gói tập quá hạn thanh toán...
[Cron Job] Kiểm tra lịch tập quá hạn...
[Cron Job] Kiểm tra gói tập tạm ngưng hết hạn để tự động kích hoạt lại...
[Cron Job] Kiểm tra đơn đăng ký gói tập quá hạn thanh toán...
[Cron Job] Kiểm tra lịch tập quá hạn...
[Cron Job] Kiểm tra đơn đăng ký gói tập quá hạn thanh toán...
[Cron Job] Kiểm tra lịch tập quá hạn...
[Cron Job] Kiểm tra gói tập tạm ngưng hết hạn để tự động kích hoạt lại...
[Cron Job] Kiểm tra lịch tập quá hạn...
[Cron Job] Kiểm tra đơn đăng ký gói tập quá hạn thanh toán...
[Cron Job] Kiểm tra gói tập tạm ngưng hết hạn để tự động kích hoạt lại...
[Cron Job] Kiểm tra lịch tập quá hạn...
[Cron Job] Kiểm tra gói tập tạm ngưng hết hạn để tự động kích hoạt lại...
[Cron Job] Kiểm tra đơn đăng ký gói tập quá hạn thanh toán...
[Cron Job] Kiểm tra gói tập tạm ngưng hết hạn để tự động kích hoạt lại...
[Cron Job] Kiểm tra lịch tập quá hạn...
[Cron Job] Kiểm tra đơn đăng ký gói tập quá hạn thanh toán...
[Cron Job] Kiểm tra gói tập tạm ngưng hết hạn để tự động kích hoạt lại...
[Cron Job] Kiểm tra lịch tập quá hạn...
[Cron Job] Kiểm tra đơn đăng ký gói tập quá hạn thanh toán...
[Cron Job] Kiểm tra gói tập tạm ngưng hết hạn để tự động kích hoạt lại...
[Cron Job] Kiểm tra đơn đăng ký gói tập quá hạn thanh toán...
[Cron Job] Kiểm tra lịch tập quá hạn...
[Cron Job] Kiểm tra gói tập tạm ngưng hết hạn để tự động kích hoạt lại...
[Cron Job] Kiểm tra đơn đăng ký gói tập quá hạn thanh toán...
[Cron Job] Kiểm tra lịch tập quá hạn...
[Cron Job] Kiểm tra gói tập tạm ngưng hết hạn để tự động kích hoạt lại...
[Cron Job] Kiểm tra đơn đăng ký gói tập quá hạn thanh toán...
[Cron Job] Kiểm tra lịch tập quá hạn...
[Cron Job] Kiểm tra gói tập tạm ngưng hết hạn để tự động kích hoạt lại...
[Cron Job] Kiểm tra đơn đăng ký gói tập quá hạn thanh toán...
[Cron Job] Kiểm tra lịch tập quá hạn...
[Cron Job] Kiểm tra đơn đăng ký gói tập quá hạn thanh toán...
[Cron Job] Kiểm tra lịch tập quá hạn...
[Cron Job] Kiểm tra gói tập tạm ngưng hết hạn để tự động kích hoạt lại...
[Cron Job] Kiểm tra đơn đăng ký gói tập quá hạn thanh toán...
[Cron Job] Kiểm tra lịch tập quá hạn...
[Cron Job] Kiểm tra gói tập tạm ngưng hết hạn để tự động kích hoạt lại...
[Cron Job] Kiểm tra đơn đăng ký gói tập quá hạn thanh toán...
[Cron Job] Kiểm tra lịch tập quá hạn...
[Cron Job] Kiểm tra gói tập tạm ngưng hết hạn để tự động kích hoạt lại...
[Cron Job] Kiểm tra đơn đăng ký gói tập quá hạn thanh toán...
[Cron Job] Kiểm tra lịch tập quá hạn...
[Cron Job] Kiểm tra gói tập tạm ngưng hết hạn để tự động kích hoạt lại...
[Cron Job] Kiểm tra đơn đăng ký gói tập quá hạn thanh toán...
[Cron Job] Kiểm tra lịch tập quá hạn...
[Cron Job] Kiểm tra gói tập tạm ngưng hết hạn để tự động kích hoạt lại...
[Cron Job] Kiểm tra đơn đăng ký gói tập quá hạn thanh toán...
[Cron Job] Kiểm tra gói tập tạm ngưng hết hạn để tự động kích hoạt lại...
[Cron Job] Kiểm tra lịch tập quá hạn...
[Cron Job] Kiểm tra đơn đăng ký gói tập quá hạn thanh toán...
[Cron Job] Kiểm tra gói tập tạm ngưng hết hạn để tự động kích hoạt lại...
[Cron Job] Kiểm tra lịch tập quá hạn...
[Cron Job] Kiểm tra lịch tập quá hạn...
[Cron Job] Kiểm tra đơn đăng ký gói tập quá hạn thanh toán...
[Cron Job] Kiểm tra gói tập tạm ngưng hết hạn để tự động kích hoạt lại...
[Cron Job] Kiểm tra lịch tập quá hạn...
[Cron Job] Kiểm tra đơn đăng ký gói tập quá hạn thanh toán...
[Cron Job] Kiểm tra gói tập tạm ngưng hết hạn để tự động kích hoạt lại...
[Cron Job] Kiểm tra đơn đăng ký gói tập quá hạn thanh toán...
[Cron Job] Kiểm tra lịch tập quá hạn...
[Cron Job] Kiểm tra gói tập tạm ngưng hết hạn để tự động kích hoạt lại...
[Cron Job] Kiểm tra đơn đăng ký gói tập quá hạn thanh toán...
[Cron Job] Kiểm tra lịch tập quá hạn...
[Cron Job] Kiểm tra gói tập tạm ngưng hết hạn để tự động kích hoạt lại...
[Cron Job] Kiểm tra đơn đăng ký gói tập quá hạn thanh toán...
[Cron Job] Kiểm tra lịch tập quá hạn...
[Cron Job] Kiểm tra gói tập tạm ngưng hết hạn để tự động kích hoạt lại...
[Cron Job] Kiểm tra gói tập tạm ngưng hết hạn để tự động kích hoạt lại...
[Cron Job] Kiểm tra đơn đăng ký gói tập quá hạn thanh toán...
[Cron Job] Kiểm tra lịch tập quá hạn...
[Cron Job] Kiểm tra gói tập tạm ngưng hết hạn để tự động kích hoạt lại...
[Cron Job] Kiểm tra đơn đăng ký gói tập quá hạn thanh toán...
[Cron Job] Kiểm tra lịch tập quá hạn...
[Cron Job] Kiểm tra đơn đăng ký gói tập quá hạn thanh toán...
[Cron Job] Kiểm tra lịch tập quá hạn...
[Cron Job] Kiểm tra gói tập tạm ngưng hết hạn để tự động kích hoạt lại...
[Cron Job] Kiểm tra lịch tập quá hạn...
[Cron Job] Kiểm tra gói tập tạm ngưng hết hạn để tự động kích hoạt lại...
[Cron Job] Kiểm tra đơn đăng ký gói tập quá hạn thanh toán...
[Cron Job] Kiểm tra lịch tập quá hạn...
[Cron Job] Kiểm tra gói tập tạm ngưng hết hạn để tự động kích hoạt lại...
[Cron Job] Kiểm tra đơn đăng ký gói tập quá hạn thanh toán...
[Cron Job] Kiểm tra lịch tập quá hạn...
[Cron Job] Kiểm tra gói tập tạm ngưng hết hạn để tự động kích hoạt lại...
[Cron Job] Kiểm tra đơn đăng ký gói tập quá hạn thanh toán...
[Cron Job] Kiểm tra lịch tập quá hạn...
[Cron Job] Kiểm tra gói tập tạm ngưng hết hạn để tự động kích hoạt lại...
[Cron Job] Kiểm tra đơn đăng ký gói tập quá hạn thanh toán...
[Cron Job] Kiểm tra lịch tập quá hạn...
[Cron Job] Kiểm tra gói tập tạm ngưng hết hạn để tự động kích hoạt lại...
[Cron Job] Kiểm tra đơn đăng ký gói tập quá hạn thanh toán...
[Cron Job] Kiểm tra đơn đăng ký gói tập quá hạn thanh toán...
[Cron Job] Kiểm tra lịch tập quá hạn...
[Cron Job] Kiểm tra gói tập tạm ngưng hết hạn để tự động kích hoạt lại...
[Cron Job] Kiểm tra đơn đăng ký gói tập quá hạn thanh toán...
[Cron Job] Kiểm tra lịch tập quá hạn...
[Cron Job] Kiểm tra gói tập tạm ngưng hết hạn để tự động kích hoạt lại...
[Cron Job] Kiểm tra đơn đăng ký gói tập quá hạn thanh toán...
[Cron Job] Kiểm tra lịch tập quá hạn...
[Cron Job] Kiểm tra gói tập tạm ngưng hết hạn để tự động kích hoạt lại...
[Cron Job] Kiểm tra đơn đăng ký gói tập quá hạn thanh toán...
[Cron Job] Kiểm tra lịch tập quá hạn...
[Cron Job] Kiểm tra gói tập tạm ngưng hết hạn để tự động kích hoạt lại...
[Cron Job] Kiểm tra đơn đăng ký gói tập quá hạn thanh toán...
[Cron Job] Kiểm tra gói tập tạm ngưng hết hạn để tự động kích hoạt lại...
[Cron Job] Kiểm tra lịch tập quá hạn...
[Cron Job] Kiểm tra đơn đăng ký gói tập quá hạn thanh toán...
[Cron Job] Kiểm tra gói tập tạm ngưng hết hạn để tự động kích hoạt lại...
[Cron Job] Kiểm tra lịch tập quá hạn...
[Cron Job] Kiểm tra đơn đăng ký gói tập quá hạn thanh toán...
[Cron Job] Kiểm tra gói tập tạm ngưng hết hạn để tự động kích hoạt lại...
[Cron Job] Kiểm tra lịch tập quá hạn...
[Cron Job] Kiểm tra đơn đăng ký gói tập quá hạn thanh toán...
[Cron Job] Kiểm tra gói tập tạm ngưng hết hạn để tự động kích hoạt lại...
[Cron Job] Kiểm tra lịch tập quá hạn...
[Cron Job] Kiểm tra gói tập tạm ngưng hết hạn để tự động kích hoạt lại...
[Cron Job] Kiểm tra đơn đăng ký gói tập quá hạn thanh toán...
[Cron Job] Kiểm tra lịch tập quá hạn...
[Cron Job] Kiểm tra lịch tập quá hạn...
[Cron Job] Kiểm tra gói tập tạm ngưng hết hạn để tự động kích hoạt lại...
[Cron Job] Kiểm tra đơn đăng ký gói tập quá hạn thanh toán...
[Cron Job] Kiểm tra lịch tập quá hạn...
[Cron Job] Kiểm tra gói tập tạm ngưng hết hạn để tự động kích hoạt lại...
[Cron Job] Kiểm tra đơn đăng ký gói tập quá hạn thanh toán...
[Cron Job] Kiểm tra lịch tập quá hạn...
[Cron Job] Kiểm tra gói tập tạm ngưng hết hạn để tự động kích hoạt lại...
[Cron Job] Kiểm tra đơn đăng ký gói tập quá hạn thanh toán...
[Cron Job] Kiểm tra gói tập tạm ngưng hết hạn để tự động kích hoạt lại...
[Cron Job] Kiểm tra đơn đăng ký gói tập quá hạn thanh toán...
[Cron Job] Kiểm tra lịch tập quá hạn...
[Cron Job] Kiểm tra gói tập tạm ngưng hết hạn để tự động kích hoạt lại...
[Cron Job] Kiểm tra đơn đăng ký gói tập quá hạn thanh toán...
[Cron Job] Kiểm tra lịch tập quá hạn...
[Cron Job] Kiểm tra gói tập tạm ngưng hết hạn để tự động kích hoạt lại...
[Cron Job] Kiểm tra lịch tập quá hạn...
[Cron Job] Kiểm tra đơn đăng ký gói tập quá hạn thanh toán...
[Cron Job] Kiểm tra đơn đăng ký gói tập quá hạn thanh toán...
[Cron Job] Kiểm tra gói tập tạm ngưng hết hạn để tự động kích hoạt lại...
[Cron Job] Kiểm tra lịch tập quá hạn...
[Cron Job] Kiểm tra đơn đăng ký gói tập quá hạn thanh toán...
[Cron Job] Kiểm tra gói tập tạm ngưng hết hạn để tự động kích hoạt lại...
[Cron Job] Kiểm tra lịch tập quá hạn...
[Cron Job] Kiểm tra gói tập tạm ngưng hết hạn để tự động kích hoạt lại...
[Cron Job] Kiểm tra lịch tập quá hạn...
[Cron Job] Kiểm tra đơn đăng ký gói tập quá hạn thanh toán...
[Cron Job] Kiểm tra lịch tập quá hạn...
[Cron Job] Kiểm tra đơn đăng ký gói tập quá hạn thanh toán...
[Cron Job] Kiểm tra gói tập tạm ngưng hết hạn để tự động kích hoạt lại...
[Cron Job] Kiểm tra đơn đăng ký gói tập quá hạn thanh toán...
[Cron Job] Kiểm tra lịch tập quá hạn...
[Cron Job] Kiểm tra gói tập tạm ngưng hết hạn để tự động kích hoạt lại...
[Cron Job] Kiểm tra đơn đăng ký gói tập quá hạn thanh toán...
[Cron Job] Kiểm tra lịch tập quá hạn...
[Cron Job] Kiểm tra gói tập tạm ngưng hết hạn để tự động kích hoạt lại...
[Cron Job] Kiểm tra gói tập tạm ngưng hết hạn để tự động kích hoạt lại...
[Cron Job] Kiểm tra đơn đăng ký gói tập quá hạn thanh toán...
[Cron Job] Kiểm tra lịch tập quá hạn...
[Cron Job] Kiểm tra đơn đăng ký gói tập quá hạn thanh toán...
[Cron Job] Kiểm tra gói tập tạm ngưng hết hạn để tự động kích hoạt lại...
[Cron Job] Kiểm tra lịch tập quá hạn...
[Cron Job] Kiểm tra đơn đăng ký gói tập quá hạn thanh toán...
[Cron Job] Kiểm tra gói tập tạm ngưng hết hạn để tự động kích hoạt lại...
[Cron Job] Kiểm tra lịch tập quá hạn...
[Cron Job] Kiểm tra gói tập tạm ngưng hết hạn để tự động kích hoạt lại...
[Cron Job] Kiểm tra lịch tập quá hạn...
[Cron Job] Kiểm tra đơn đăng ký gói tập quá hạn thanh toán...
[Cron Job] Kiểm tra đơn đăng ký gói tập quá hạn thanh toán...
[Cron Job] Kiểm tra gói tập tạm ngưng hết hạn để tự động kích hoạt lại...
[Cron Job] Kiểm tra lịch tập quá hạn...
[Cron Job] Kiểm tra đơn đăng ký gói tập quá hạn thanh toán...
[Cron Job] Kiểm tra gói tập tạm ngưng hết hạn để tự động kích hoạt lại...
[Cron Job] Kiểm tra lịch tập quá hạn...
[Cron Job] Kiểm tra đơn đăng ký gói tập quá hạn thanh toán...
[Cron Job] Kiểm tra gói tập tạm ngưng hết hạn để tự động kích hoạt lại...
[Cron Job] Kiểm tra lịch tập quá hạn...
[Cron Job] Kiểm tra đơn đăng ký gói tập quá hạn thanh toán...
[Cron Job] Kiểm tra gói tập tạm ngưng hết hạn để tự động kích hoạt lại...
[Cron Job] Kiểm tra lịch tập quá hạn...
[Cron Job] Kiểm tra đơn đăng ký gói tập quá hạn thanh toán...
[Cron Job] Kiểm tra gói tập tạm ngưng hết hạn để tự động kích hoạt lại...
[Cron Job] Kiểm tra lịch tập quá hạn...
[Cron Job] Kiểm tra đơn đăng ký gói tập quá hạn thanh toán...
[Cron Job] Kiểm tra gói tập tạm ngưng hết hạn để tự động kích hoạt lại...
[Cron Job] Kiểm tra lịch tập quá hạn...
[Cron Job] Kiểm tra đơn đăng ký gói tập quá hạn thanh toán...
[Cron Job] Kiểm tra gói tập tạm ngưng hết hạn để tự động kích hoạt lại...
[Cron Job] Kiểm tra lịch tập quá hạn...
[Cron Job] Kiểm tra gói tập tạm ngưng hết hạn để tự động kích hoạt lại...
[Cron Job] Kiểm tra đơn đăng ký gói tập quá hạn thanh toán...
[Cron Job] Kiểm tra lịch tập quá hạn...
[Cron Job] Kiểm tra gói tập tạm ngưng hết hạn để tự động kích hoạt lại...
[Cron Job] Kiểm tra lịch tập quá hạn...
[Cron Job] Kiểm tra đơn đăng ký gói tập quá hạn thanh toán...
[Cron Job] Kiểm tra lịch tập quá hạn...
[Cron Job] Kiểm tra gói tập tạm ngưng hết hạn để tự động kích hoạt lại...
[Cron Job] Kiểm tra đơn đăng ký gói tập quá hạn thanh toán...
[Cron Job] Kiểm tra lịch tập quá hạn...
[Cron Job] Kiểm tra gói tập tạm ngưng hết hạn để tự động kích hoạt lại...
[Cron Job] Kiểm tra đơn đăng ký gói tập quá hạn thanh toán...
[Cron Job] Kiểm tra đơn đăng ký gói tập quá hạn thanh toán...
[Cron Job] Kiểm tra lịch tập quá hạn...
[Cron Job] Kiểm tra gói tập tạm ngưng hết hạn để tự động kích hoạt lại...
[Cron Job] Kiểm tra gói tập tạm ngưng hết hạn để tự động kích hoạt lại...
[Cron Job] Kiểm tra đơn đăng ký gói tập quá hạn thanh toán...
[Cron Job] Kiểm tra lịch tập quá hạn...
[Cron Job] Kiểm tra đơn đăng ký gói tập quá hạn thanh toán...
[Cron Job] Kiểm tra gói tập tạm ngưng hết hạn để tự động kích hoạt lại...
[Cron Job] Kiểm tra lịch tập quá hạn...
[Cron Job] Kiểm tra gói tập tạm ngưng hết hạn để tự động kích hoạt lại...
[Cron Job] Kiểm tra lịch tập quá hạn...
[Cron Job] Kiểm tra đơn đăng ký gói tập quá hạn thanh toán...
[Cron Job] Kiểm tra gói tập tạm ngưng hết hạn để tự động kích hoạt lại...
[Cron Job] Kiểm tra lịch tập quá hạn...
[Cron Job] Kiểm tra đơn đăng ký gói tập quá hạn thanh toán...
[Cron Job] Kiểm tra gói tập tạm ngưng hết hạn để tự động kích hoạt lại...
[Cron Job] Kiểm tra lịch tập quá hạn...
[Cron Job] Kiểm tra đơn đăng ký gói tập quá hạn thanh toán...
[Cron Job] Kiểm tra đơn đăng ký gói tập quá hạn thanh toán...
[Cron Job] Kiểm tra lịch tập quá hạn...
[Cron Job] Kiểm tra gói tập tạm ngưng hết hạn để tự động kích hoạt lại...
[Cron Job] Kiểm tra đơn đăng ký gói tập quá hạn thanh toán...
[Cron Job] Kiểm tra gói tập tạm ngưng hết hạn để tự động kích hoạt lại...
[Cron Job] Kiểm tra lịch tập quá hạn...
[Cron Job] Kiểm tra đơn đăng ký gói tập quá hạn thanh toán...
[Cron Job] Kiểm tra gói tập tạm ngưng hết hạn để tự động kích hoạt lại...
[Cron Job] Kiểm tra lịch tập quá hạn...
[Cron Job] Kiểm tra lịch tập quá hạn...
[Cron Job] Kiểm tra đơn đăng ký gói tập quá hạn thanh toán...
[Cron Job] Kiểm tra gói tập tạm ngưng hết hạn để tự động kích hoạt lại...
[Cron Job] Kiểm tra lịch tập quá hạn...
[Cron Job] Kiểm tra đơn đăng ký gói tập quá hạn thanh toán...
[Cron Job] Kiểm tra gói tập tạm ngưng hết hạn để tự động kích hoạt lại...
[Cron Job] Kiểm tra lịch tập quá hạn...
[Cron Job] Kiểm tra đơn đăng ký gói tập quá hạn thanh toán...
[Cron Job] Kiểm tra gói tập tạm ngưng hết hạn để tự động kích hoạt lại...
[Cron Job] Kiểm tra lịch tập quá hạn...
[Cron Job] Kiểm tra đơn đăng ký gói tập quá hạn thanh toán...
[Cron Job] Kiểm tra gói tập tạm ngưng hết hạn để tự động kích hoạt lại...
[Cron Job] Kiểm tra lịch tập quá hạn...
[Cron Job] Kiểm tra đơn đăng ký gói tập quá hạn thanh toán...
[Cron Job] Kiểm tra gói tập tạm ngưng hết hạn để tự động kích hoạt lại...
[Cron Job] Kiểm tra lịch tập quá hạn...
[Cron Job] Kiểm tra đơn đăng ký gói tập quá hạn thanh toán...
[Cron Job] Kiểm tra gói tập tạm ngưng hết hạn để tự động kích hoạt lại...
[Cron Job] Kiểm tra gói tập tạm ngưng hết hạn để tự động kích hoạt lại...
[Cron Job] Kiểm tra lịch tập quá hạn...
[Cron Job] Kiểm tra đơn đăng ký gói tập quá hạn thanh toán...
[Cron Job] Kiểm tra gói tập tạm ngưng hết hạn để tự động kích hoạt lại...
[Cron Job] Kiểm tra lịch tập quá hạn...
[Cron Job] Kiểm tra đơn đăng ký gói tập quá hạn thanh toán...
[Cron Job] Kiểm tra gói tập tạm ngưng hết hạn để tự động kích hoạt lại...
[Cron Job] Kiểm tra lịch tập quá hạn...
[Cron Job] Kiểm tra đơn đăng ký gói tập quá hạn thanh toán...
[Cron Job] Kiểm tra đơn đăng ký gói tập quá hạn thanh toán...
[Cron Job] Kiểm tra gói tập tạm ngưng hết hạn để tự động kích hoạt lại...
[Cron Job] Kiểm tra lịch tập quá hạn...
[Cron Job] Kiểm tra gói tập tạm ngưng hết hạn để tự động kích hoạt lại...
[Cron Job] Kiểm tra đơn đăng ký gói tập quá hạn thanh toán...
[Cron Job] Kiểm tra lịch tập quá hạn...
[Cron Job] Kiểm tra đơn đăng ký gói tập quá hạn thanh toán...
[Cron Job] Kiểm tra lịch tập quá hạn...
[Cron Job] Kiểm tra gói tập tạm ngưng hết hạn để tự động kích hoạt lại...
[Cron Job] Kiểm tra đơn đăng ký gói tập quá hạn thanh toán...
[Cron Job] Kiểm tra lịch tập quá hạn...
[Cron Job] Kiểm tra gói tập tạm ngưng hết hạn để tự động kích hoạt lại...
[Cron Job] Kiểm tra lịch tập quá hạn...
[Cron Job] Kiểm tra đơn đăng ký gói tập quá hạn thanh toán...
[Cron Job] Kiểm tra gói tập tạm ngưng hết hạn để tự động kích hoạt lại...
[Cron Job] Kiểm tra gói tập tạm ngưng hết hạn để tự động kích hoạt lại...
[Cron Job] Kiểm tra lịch tập quá hạn...
[Cron Job] Kiểm tra đơn đăng ký gói tập quá hạn thanh toán...
[Cron Job] Kiểm tra lịch tập quá hạn...
[Cron Job] Kiểm tra gói tập tạm ngưng hết hạn để tự động kích hoạt lại...
[Cron Job] Kiểm tra đơn đăng ký gói tập quá hạn thanh toán...
[Cron Job] Kiểm tra lịch tập quá hạn...
[Cron Job] Kiểm tra gói tập tạm ngưng hết hạn để tự động kích hoạt lại...
[Cron Job] Kiểm tra đơn đăng ký gói tập quá hạn thanh toán...
[Cron Job] Kiểm tra lịch tập quá hạn...
[Cron Job] Kiểm tra gói tập tạm ngưng hết hạn để tự động kích hoạt lại...
[Cron Job] Kiểm tra đơn đăng ký gói tập quá hạn thanh toán...
[Cron Job] Kiểm tra lịch tập quá hạn...
[Cron Job] Kiểm tra gói tập tạm ngưng hết hạn để tự động kích hoạt lại...
[Cron Job] Kiểm tra đơn đăng ký gói tập quá hạn thanh toán...
